// Jest Snapshot v1, https://goo.gl/fbAQLP

exports[`matches snapshot 1`] = `
<DocumentFragment>
  <div>
    <div>
      <h2>
        My To Do List
      </h2>
      <form>
        <label
          for="title"
        >
          Title
        </label>
        <input
          id="title"
          name="title"
          type="text"
          value=""
        />
        <button>
          Add
        </button>
      </form>
    </div>
  </div>
</DocumentFragment>
`;
